---
title: "The Great Gatsby"
author: "F. Scott Fitzgerald"
publishedDate: "1925-04-10"
