--- "ErrorResponse{status=400 BAD_REQUEST, headers=[], body=ProblemDetail[type='about:blank',\
  \ title='Bad Request', status=400, detail='title is already exists', instance='null',\
  \ properties='null'], exception=java.lang.IllegalArgumentException: title is already\
  \ exists}"
