---
- id: 1
  name: "상품종"
- id: 2
  name: "상품종2"
- id: 3
  name: "상품종3"
- id: 4
  name: "상품종4"
- id: 5
  name: "상품종5"
